16:41:03 **** Build of configuration Debug for project dd ****
make pre-build main-build 
a9-linaro-pre-build-step
 
Building file: ../src/test01.c
Invoking: ARM v7 gcc compiler
arm-none-eabi-gcc -Wall -O0 -g3 -c -fmessage-length=0 -MT"src/test01.o" -mcpu=cortex-a9 -mfpu=vfpv3 -mfloat-abi=hard -I../../dd_bsp/ps7_cortexa9_0/include -MMD -MP -MF"src/test01.d" -MT"src/test01.o" -o "src/test01.o" "../src/test01.c"
Finished building: ../src/test01.c
 
Building target: dd.elf
Invoking: ARM v7 gcc linker
arm-none-eabi-gcc -mcpu=cortex-a9 -mfpu=vfpv3 -mfloat-abi=hard -Wl,-build-id=none -specs=Xilinx.spec -Wl,-T -Wl,../src/lscript.ld -L../../dd_bsp/ps7_cortexa9_0/lib -o "dd.elf"  ./src/test01.o ./src/translation_table.o   -Wl,--start-group,-lxil,-lgcc,-lc,--end-group
Finished building target: dd.elf
 
Invoking: ARM v7 Print Size
arm-none-eabi-size dd.elf  |tee "dd.elf.size"
   text	   data	    bss	    dec	    hex	filename
 109308	   4820	  67232	 181360	  2c470	dd.elf
Finished building: dd.elf.size
 

16:41:04 Build Finished (took 1s.633ms)

