13:27:24 **** Build of configuration Debug for project ddr ****
make pre-build main-build 
a9-linaro-pre-build-step
 
Building file: ../src/memory_config_g.c
Invoking: ARM v7 gcc compiler
arm-none-eabi-gcc -Wall -O0 -g3 -c -fmessage-length=0 -MT"src/memory_config_g.o" -mcpu=cortex-a9 -mfpu=vfpv3 -mfloat-abi=hard -I../../ddr_bsp/ps7_cortexa9_0/include -MMD -MP -MF"src/memory_config_g.d" -MT"src/memory_config_g.o" -o "src/memory_config_g.o" "../src/memory_config_g.c"
Finished building: ../src/memory_config_g.c
 
Building file: ../src/memorytest.c
Invoking: ARM v7 gcc compiler
arm-none-eabi-gcc -Wall -O0 -g3 -c -fmessage-length=0 -MT"src/memorytest.o" -mcpu=cortex-a9 -mfpu=vfpv3 -mfloat-abi=hard -I../../ddr_bsp/ps7_cortexa9_0/include -MMD -MP -MF"src/memorytest.d" -MT"src/memorytest.o" -o "src/memorytest.o" "../src/memorytest.c"
Finished building: ../src/memorytest.c
 
Building file: ../src/platform.c
Invoking: ARM v7 gcc compiler
arm-none-eabi-gcc -Wall -O0 -g3 -c -fmessage-length=0 -MT"src/platform.o" -mcpu=cortex-a9 -mfpu=vfpv3 -mfloat-abi=hard -I../../ddr_bsp/ps7_cortexa9_0/include -MMD -MP -MF"src/platform.d" -MT"src/platform.o" -o "src/platform.o" "../src/platform.c"
Finished building: ../src/platform.c
 
Building target: ddr.elf
Invoking: ARM v7 gcc linker
arm-none-eabi-gcc -mcpu=cortex-a9 -mfpu=vfpv3 -mfloat-abi=hard -Wl,-build-id=none -specs=Xilinx.spec -Wl,-T -Wl,../src/lscript.ld -L../../ddr_bsp/ps7_cortexa9_0/lib -o "ddr.elf"  ./src/memory_config_g.o ./src/memorytest.o ./src/platform.o   -Wl,--start-group,-lxil,-lgcc,-lc,--end-group
Finished building target: ddr.elf
 
Invoking: ARM v7 Print Size
arm-none-eabi-size ddr.elf  |tee "ddr.elf.size"
   text	   data	    bss	    dec	    hex	filename
  28368	   1184	  14392	  43944	   aba8	ddr.elf
Finished building: ddr.elf.size
 

13:27:25 Build Finished (took 669ms)

